// Jest Snapshot v1, https://goo.gl/fbAQLP

exports[`<ExampleComponent /> handles props correctly 1`] = `
<View
  style={
    Object {
      "alignItems": "center",
      "backgroundColor": "#fff",
      "flex": 1,
      "justifyContent": "center",
    }
  }
>
  <Text>
    Child component
  </Text>
  <Text>
    4
  </Text>
</View>
`;
